[2J[01;01H[=3h[2J[01;01H[2J[01;01H[8;042;160t0[2J[01;01H[2J[01;01H[8;056;240t0[2J[01;01HBdsDxe: loading Boot0002 "UEFI QEMU DVD-ROM QM00005 " from PciRoot(0x0)/Pci(0x1F,0x2)/Sata(0x2,0xFFFF,0x0)
BdsDxe: starting Boot0002 "UEFI QEMU DVD-ROM QM00005 " from PciRoot(0x0)/Pci(0x1F,0x2)/Sata(0x2,0xFFFF,0x0)
[2J[01;01H[01;01H[2J[01;01H[01;01H[7485111876] [INFO] System booted
[7493047782] [INFO] boot: phys ranges=39 modules=3
[7494265779] [INFO] BootHeap initialized. Range: 0xffffff8040000000 - 0xffffff8041000000
[7495507470] [INFO] Initializing Real Frame Allocator...
[7496455857] [INFO] frame_alloc: base=0x0 frames=516638 words=8073
[7496839416] [INFO] Allocating bitmap of 8073 words...
[7501597389] [INFO] Bitmap allocated at 0xffffff8040000000
[7502303589] [INFO] Zeroing bitmap...
[7505642364] [INFO] Bitmap zeroed.
[7813001757] [INFO] frame_alloc: total=516638 free=509832 used=6806
[7813569687] [INFO] Running frame_alloc sanity check...
[7815482334] [INFO] frame_alloc: sanity: single ok
[7817649840] [INFO] frame_alloc: sanity: contig(8) ok
[7817944794] [INFO] Paging subsystem test passed (skipped local test)
[7818293769] [INFO] Initializing Kernel Heap...
[7824510309] [INFO] kheap: grew by 64 pages (phys=0x4a000, virt=0xffffa00000000000)
[7825266273] [INFO] global_alloc: switched to kernel heap
[7825578585] [INFO] Running heap sanity check...
[7837335627] [INFO] kheap: sanity ok
[7837559334] [INFO] kheap: forcing growth...
[7839450993] [INFO] kheap: grew by 16 pages (phys=0x8d000, virt=0xffffa00000040000)
[7853974524] [INFO] kheap: big allocation ok (len=307200)
[7854535656] [INFO] kheap: reserved=268435456 committed=327680
[7861648773] [INFO] Registering syscall handler...
[7862163837] [INFO] Initializing Task System...
[7865437107] [INFO] threads: supported
[7867979724] [INFO] Spawning sprout: /boot/modules/sprout
[7868346651] [INFO] Spawning module: /boot/modules/sprout
[7933282830] [INFO] Sprout spawned successfully
[7933763442] [INFO] Entering Scheduler Loop (Main Task)...
