[2J[01;01H[=3h[2J[01;01H[2J[01;01H[8;042;160t0[2J[01;01H[2J[01;01H[8;056;240t0[2J[01;01HBdsDxe: loading Boot0002 "UEFI QEMU DVD-ROM QM00005 " from PciRoot(0x0)/Pci(0x1F,0x2)/Sata(0x2,0xFFFF,0x0)
BdsDxe: starting Boot0002 "UEFI QEMU DVD-ROM QM00005 " from PciRoot(0x0)/Pci(0x1F,0x2)/Sata(0x2,0xFFFF,0x0)
[2J[01;01H[01;01H[2J[01;01H[01;01H[25324058100] [INFO] thing-os kernel v0.1.0 starting...
[25366485276] [INFO] Intent-Mechanism paging split active
[25366982058] [INFO] System booted
[25371317664] [INFO] Memory map has 35 entries
[25373102073] [INFO]   [0] 0x0 - 0xa0000 (Usable)
[25373975550] [INFO]   [1] 0x100000 - 0x800000 (Usable)
[25374397059] [INFO]   [2] 0x800000 - 0x808000 (Other)
[25374854736] [INFO]   [3] 0x808000 - 0x80b000 (Usable)
[25375273110] [INFO]   [4] 0x80b000 - 0x80c000 (Other)
[25375683696] [INFO]   [5] 0x80c000 - 0x811000 (Usable)
[25376101476] [INFO]   [6] 0x811000 - 0x900000 (Other)
[25397566689] [INFO]   [7] 0x900000 - 0x1780000 (Reserved)
[25398065385] [INFO]   [8] 0x1780000 - 0x79fa6000 (Usable)
[25398508938] [INFO]   [9] 0x79fa6000 - 0x7a16c000 (Reserved)
[25399296912] [INFO] HHDM Offset: 0xffff800000000000
[26049757965] [INFO] Frame allocator initialized with 511944 free frames
[26066558364] [INFO] Initializing global allocator...
[26089912431] [INFO] Initializing tasking...
[26093720565] [INFO]   Acquiring scheduler lock...
[26098069008] [INFO]   Lock acquired, checking if initialized...
[26111457207] [INFO]   Allocating scheduler...
[26114263593] [INFO]   Leaking scheduler...
[26114699754] [INFO]   Initializing boot task...
[26115121164] [INFO]   Creating boot task...
[26118002493] [INFO]   Pushing boot task to list...
[26121197157] [INFO]   Boot task created successfully
[26125820754] [INFO]   Storing scheduler pointer...
[26137587762] [INFO]   Scheduler initialized
[26138276967] [INFO] Checking threads_supported...
[26138812359] [INFO] Spawning Thread A...
[26142156249] [INFO] Spawning Thread B...
[26142744837] [INFO] System initialized. Entering scheduler loop.
[26149122813] [INFO] Thread A (arg=1) ticks=26148887589
[27328336992] [INFO] Thread B (arg=2) ticks=27328127343
[28533176925] [INFO] Thread A (arg=1) ticks=28533159765
[29575973988] [INFO] Thread B (arg=2) ticks=29575945443
[31070996220] [INFO] Thread A (arg=1) ticks=31070968137
[33189000372] [INFO] Thread B (arg=2) ticks=33188976843
[34805547315] [INFO] Thread A (arg=1) ticks=34805529561
[36396449793] [INFO] Thread B (arg=2) ticks=36396420687
[38049085734] [INFO] Thread A (arg=1) ticks=38049058377
[39610357017] [INFO] Thread B (arg=2) ticks=39610339659
