    Finished `dev` profile [unoptimized + debuginfo] target(s) in 0.05s
     Running `/home/dancxjo/src/thing-os/target/debug/xtask build --env x86_64`
Building bran kernel for x86_64 (dev profile)...
$ cargo build --target x86_64-unknown-none --profile dev -p bran
warning: unused import: `crate::memory::frame_alloc::FrameAllocator`
 --> kernel/src/memory/boot_frame_alloc.rs:2:5
  |
2 | use c...Allocator;
  |     ^...^^^^^^^^^
  |
  = note: `#[warn(unused_imports)]` (part of `#[warn(unused)]`) on by default

warning: unused import: `spin::Mutex`
 --> kernel/src/memory/global_alloc.rs:2:5
  |
2 | use spin::Mutex;
  |     ^^^^^^^^^^^

warning: unused variable: `rt`
  --> kernel/src/memory/global_alloc.rs:41:29
   |
41 | ...e>(rt: &R) {
   |       ^^ help: if this is intentional, prefix it with an underscore: `_rt`
   |
   = note: `#[warn(unused_variables)]` (part of `#[warn(unused)]`) on by default

warning: variable does not need to be mutable
  --> kernel/src/memory/mod.rs:17:9
   |
17 | ...et mut alloc = ...
   |       ----^^^^^
   |       |
   |       help: remove this `mut`
   |
   = note: `#[warn(unused_mut)]` (part of `#[warn(unused)]`) on by default

warning: variable does not need to be mutable
   --> kernel/src/task/scheduler.rs:144:9
    |
144 | ...et mut lock = ...
    |       ----^^^^
    |       |
    |       help: remove this `mut`

warning: variable does not need to be mutable
   --> kernel/src/task/scheduler.rs:151:9
    |
151 | ...et mut lock = ...
    |       ----^^^^
    |       |
    |       help: remove this `mut`

warning: unnecessary `unsafe` block
  --> kernel/src/simd.rs:32:20
   |
32 | ... = unsafe { ...
   |       ^^^^^^ unnecessary `unsafe` block
   |
   = note: `#[warn(unused_unsafe)]` (part of `#[warn(unused)]`) on by default

warning: field `layout` is never read
  --> kernel/src/simd.rs:50:5
   |
48 | pub struct SimdState {
   |            --------- field in this struct
49 |     buffer: *mut u8,
50 |     layout: Layout,
   |     ^^^^^^
   |
   = note: `#[warn(dead_code)]` (part of `#[warn(unused)]`) on by default

warning: `kernel` (lib) generated 8 warnings (run `cargo fix --lib -p kernel` to apply 6 suggestions)
   Compiling bran v0.1.0 (/home/dancxjo/src/thing-os/bran)
error[E0432]: unresolved imports `kernel::TaskContext`, `kernel::AddressSpaceHandle`
 --> bran/src/arch/x86_64/mod.rs:2:24
  |
2 | ...e, TaskContext, UserTaskSpec, AddressSpaceHandle, F...
  |       ^^^^^^^^^^^                ^^^^^^^^^^^^^^^^^^ no `AddressSpaceHandle` in the root
  |       |
  |       no `TaskContext` in the root

error[E0432]: unresolved import `kernel::AddressSpaceHandle`
 --> bran/src/arch/x86_64/paging.rs:1:53
  |
1 | ...k, AddressSpaceHandle};
  |       ^^^^^^^^^^^^^^^^^^ no `AddressSpaceHandle` in the root
  |
  = help: consider importing this unresolved item through its public re-export instead:
          crate::arch::x86_64::AddressSpaceHandle

error[E0432]: unresolved import `kernel::AddressSpaceHandle`
 --> bran/src/runtime.rs:2:45
  |
2 | ...c, AddressSpaceHandle,
  |       ^^^^^^^^^^^^^^^^^^ no `AddressSpaceHandle` in the root

error[E0407]: method `putchar` is not a member of trait `BootRuntime`
   --> bran/src/runtime.rs:105:5
    |
105 |    ...utchar(c) }
    |    ...^^^^^^^^^^^ not a member of trait `BootRuntime`

error[E0407]: method `mono_ticks` is not a member of trait `BootRuntime`
   --> bran/src/runtime.rs:108:5
    |
108 |    ...o_ticks() }
    |    ...^^^^^^^^^^^ not a member of trait `BootRuntime`

error[E0425]: cannot find function `memory_map` in module `crate::mem`
  --> bran/src/runtime.rs:85:21
   |
85 | ...m::memory_map()
   |       ^^^^^^^^^^ not found in `crate::mem`

error[E0425]: cannot find function `get_modules` in module `crate::requests`
  --> bran/src/runtime.rs:93:26
   |
93 | ...s::get_modules()
   |       ^^^^^^^^^^^ not found in `crate::requests`

error[E0425]: cannot find function `get_info` in module `crate::framebuffer`
  --> bran/src/runtime.rs:97:29
   |
97 | ...r::get_info()
   |       ^^^^^^^^ not found in `crate::framebuffer`

warning: unnecessary parentheses around assigned value
  --> bran/src/arch/x86_64/paging.rs:44:22
   |
44 | ...|= (1 << 4); /...
   |       ^      ^
   |
   = note: `#[warn(unused_parens)]` (part of `#[warn(unused)]`) on by default
help: remove these parentheses
   |
44 -             entry |= (1 << 4); // Page-level Cache Disable (PCD)
44 +             entry |= 1 << 4 ; // Page-level Cache Disable (PCD)
   |

error[E0046]: not all trait items implemented, missing: `irq_disable`, `irq_restore`
   --> bran/src/runtime.rs:101:1
    |
101 |... Runtime<A> {
    |...^^^^^^^^^^^ missing `irq_disable`, `irq_restore` in implementation
    |
    = help: implement the missing item: `fn irq_disable(&self) -> IrqState { todo!() }`
    = help: implement the missing item: `fn irq_restore(&self, _: IrqState) { todo!() }`

error[E0277]: the trait bound `Runtime<...>: BootRuntimeBase` is not satisfied
   --> bran/src/runtime.rs:101:38
    |
101 | ...or Runtime<A> {
    |       ^^^^^^^^^^ unsatisfied trait bound
    |
help: the trait `BootRuntimeBase` is not implemented for `Runtime<A>`
   --> bran/src/runtime.rs:63:1
    |
 63 |...rchRuntime> {
    |...^^^^^^^^^^^
note: required by a bound in `BootRuntime`
   --> /home/dancxjo/src/thing-os/kernel/src/lib.rs:132:24
    |
132 | ...e: BootRuntimeBase + ...
    |       ^^^^^^^^^^^^^^^ required by this bound in `BootRuntime`
    = note: the full name for the type has been written to '/home/dancxjo/src/thing-os/target/x86_64-unknown-none/debug/deps/bran-4b2ac2b48d80fda9.long-type-8484915656918772640.txt'
    = note: consider using `--verbose` to print the full type name to the console

error[E0277]: the trait bound `Runtime<...>: BootRuntimeBase` is not satisfied
   --> bran/src/runtime.rs:127:20
    |
127 | ... = Self;
    |       ^^^^ unsatisfied trait bound
    |
help: the trait `BootRuntimeBase` is not implemented for `Runtime<A>`
   --> bran/src/runtime.rs:63:1
    |
 63 |...rchRuntime> {
    |...^^^^^^^^^^^
help: the trait `BootRuntime` is implemented for `Runtime<A>`
   --> bran/src/runtime.rs:101:1
    |
101 |... Runtime<A> {
    |...^^^^^^^^^^^
    = note: required for `<... as BootTasking>::Runtime` to implement `BootRuntime`
note: required by a bound in `kernel::BootTasking::Runtime`
   --> /home/dancxjo/src/thing-os/kernel/src/lib.rs:99:19
    |
 99 | ...e: BootRuntime<Tasking = Self>;
    |       ^^^^^^^^^^^^^^^^^^^^^^^^^^^ required by this bound in `BootTasking::Runtime`
    = note: the full name for the type has been written to '/home/dancxjo/src/thing-os/target/x86_64-unknown-none/debug/deps/bran-4b2ac2b48d80fda9.long-type-8484915656918772640.txt'
    = note: consider using `--verbose` to print the full type name to the console

error[E0277]: the trait bound `Runtime<...>: BootRuntimeBase` is not satisfied
  --> bran/src/main.rs:40:36
   |
40 | ...it(&RUNTIME) };
   |       ^^^^^^^^ unsatisfied trait bound
   |
help: the trait `BootRuntimeBase` is not implemented for `Runtime<...>`
  --> bran/src/runtime.rs:63:1
   |
63 | ...chRuntime> {
   | ...^^^^^^^^^^
   = note: required for the cast from `&...` to `&...`
   = note: the full name for the type has been written to '/home/dancxjo/src/thing-os/target/x86_64-unknown-none/debug/deps/bran-4b2ac2b48d80fda9.long-type-13553252869035834524.txt'
   = note: consider using `--verbose` to print the full type name to the console

warning: unnecessary `unsafe` block
 --> bran/src/arch/x86_64/simd.rs:8:5
  |
8 |     unsafe {
  |     ^^^^^^ unnecessary `unsafe` block
  |
  = note: `#[warn(unused_unsafe)]` (part of `#[warn(unused)]`) on by default

Some errors have detailed explanations: E0046, E0277, E0407, E0425, E0432.
For more information about an error, try `rustc --explain E0046`.
warning: `bran` (bin "bran") generated 2 warnings
error: could not compile `bran` (bin "bran") due to 12 previous errors; 2 warnings emitted
Error: command exited with non-zero code `cargo build --target x86_64-unknown-none --profile dev -p bran`: 101
