[2J[01;01H[=3h[2J[01;01H[2J[01;01H[8;042;160t0[2J[01;01H[2J[01;01H[8;056;240t0[2J[01;01HBdsDxe: loading Boot0002 "UEFI QEMU DVD-ROM QM00005 " from PciRoot(0x0)/Pci(0x1F,0x2)/Sata(0x2,0xFFFF,0x0)
BdsDxe: starting Boot0002 "UEFI QEMU DVD-ROM QM00005 " from PciRoot(0x0)/Pci(0x1F,0x2)/Sata(0x2,0xFFFF,0x0)
[2J[01;01H[01;01H[2J[01;01H[01;01H[13576856205] [INFO] thing-os kernel v0.1.0 starting...
[13587990801] [INFO] Intent-Mechanism paging split active
[13588436433] [INFO] System booted
[13592939118] [INFO] Memory map has 35 entries
[13598293665] [INFO]   [0] 0x0 - 0xa0000 (Usable)
[13603024776] [INFO]   [1] 0x100000 - 0x800000 (Usable)
[13603974186] [INFO]   [2] 0x800000 - 0x808000 (Other)
[13604447109] [INFO]   [3] 0x808000 - 0x80b000 (Usable)
[13604837169] [INFO]   [4] 0x80b000 - 0x80c000 (Other)
[13605216834] [INFO]   [5] 0x80c000 - 0x811000 (Usable)
[13605603528] [INFO]   [6] 0x811000 - 0x900000 (Other)
[13605999858] [INFO]   [7] 0x900000 - 0x1780000 (Reserved)
[13606435425] [INFO]   [8] 0x1780000 - 0x79fa6000 (Usable)
[13606839411] [INFO]   [9] 0x79fa6000 - 0x7a16c000 (Reserved)
[13607573100] [INFO] HHDM Offset: 0xffff800000000000
[14469820530] [INFO] Frame allocator initialized with 511944 free frames
[14543406240] [INFO] Spawning Thread A...
[14556097116] [INFO] Spawning Thread B...
[14566527195] [INFO] System initialized. Entering scheduler loop.
[14579753199] [INFO] Thread A (arg=1) ticks=14579496921
[15636100755] [INFO] Thread B (arg=2) ticks=15635974926
[16206654585] [INFO] Thread A (arg=1) ticks=16206630000
[16846245504] [INFO] Thread B (arg=2) ticks=16846216860
[17352709836] [INFO] Thread A (arg=1) ticks=17352680862
[17820246114] [INFO] Thread B (arg=2) ticks=17820217272
[18260375826] [INFO] Thread A (arg=1) ticks=18260351043
[18711614658] [INFO] Thread B (arg=2) ticks=18711587004
[19288508943] [INFO] Thread A (arg=1) ticks=19288481718
[19764670596] [INFO] Thread B (arg=2) ticks=19764639510
[20200908585] [INFO] Thread A (arg=1) ticks=20200880733
[20917589088] [INFO] Thread B (arg=2) ticks=20917557672
[21504398685] [INFO] Thread A (arg=1) ticks=21504373275
[21962021433] [INFO] Thread B (arg=2) ticks=21961989225
[22625116140] [INFO] Thread A (arg=1) ticks=22625087694
[23077838982] [INFO] Thread B (arg=2) ticks=23077810074
[23519550186] [INFO] Thread A (arg=1) ticks=23519523951
[24008038989] [INFO] Thread B (arg=2) ticks=24008011071
[24472413570] [INFO] Thread A (arg=1) ticks=24472384200
[25254512778] [INFO] Thread B (arg=2) ticks=25254379029
[25767195267] [INFO] Thread A (arg=1) ticks=25767168669
[26620190652] [INFO] Thread B (arg=2) ticks=26620161447
[27425111208] [INFO] Thread A (arg=1) ticks=27425081244
[27904586919] [INFO] Thread B (arg=2) ticks=27904556493
[28374479595] [INFO] Thread A (arg=1) ticks=28374452106
[29086552770] [INFO] Thread B (arg=2) ticks=29086508814
[29597649543] [INFO] Thread A (arg=1) ticks=29597624529
[30122914338] [INFO] Thread B (arg=2) ticks=30122884968
[30604999227] [INFO] Thread A (arg=1) ticks=30604955106
[31501046808] [INFO] Thread B (arg=2) ticks=31501019583
[32071655022] [INFO] Thread A (arg=1) ticks=32071630338
[32605107084] [INFO] Thread B (arg=2) ticks=32605079034
[33314298567] [INFO] Thread A (arg=1) ticks=33314267184
[33983756433] [INFO] Thread B (arg=2) ticks=33983727261
[34974404916] [INFO] Thread A (arg=1) ticks=34974379209
[35551425492] [INFO] Thread B (arg=2) ticks=35551398531
[36068575785] [INFO] Thread A (arg=1) ticks=36068548593
[36591777255] [INFO] Thread B (arg=2) ticks=36591746532
[37132098102] [INFO] Thread A (arg=1) ticks=37132068204
[37615004922] [INFO] Thread B (arg=2) ticks=37614975684
[38100663150] [INFO] Thread A (arg=1) ticks=38100636618
[38542174605] [INFO] Thread B (arg=2) ticks=38542144278
[39148176870] [INFO] Thread A (arg=1) ticks=39148146015
[39677167827] [INFO] Thread B (arg=2) ticks=39677136246
[40131549150] [INFO] Thread A (arg=1) ticks=40131521001
[40571745324] [INFO] Thread B (arg=2) ticks=40571715987
[41099535048] [INFO] Thread A (arg=1) ticks=41099507163
[41903610771] [INFO] Thread B (arg=2) ticks=41903580939
[42341197932] [INFO] Thread A (arg=1) ticks=42341170971
[42792957240] [INFO] Thread B (arg=2) ticks=42792926814
[43440799545] [INFO] Thread A (arg=1) ticks=43440768525
[44139304671] [INFO] Thread B (arg=2) ticks=44139279063
